american_samoa
anguilla
antarctica
antigua_and_barbuda
arab_republic_of_egypt
argentine_republic
aruba
bailiwick_of_guernsey
bailiwick_of_jersey
barbados
belize
bermuda
bolivarian_republic_of_venezuela
bosnia_and_herzegovina
bouvet_island
british_indian_ocean_territory
burkina_faso
canada
cayman_islands
central_african_republic
co-operative_republic_of_guyana
collectivity_of_saint_barthélemy
commonwealth_of_australia
commonwealth_of_dominica
commonwealth_of_puerto_rico
commonwealth_of_the_bahamas
commonwealth_of_the_northern_mariana_islands
cook_islands
country_of_curaçao
czech_republic
democratic_peoples_republic_of_korea
democratic_republic_of_são_tomé_and_príncipe
democratic_republic_of_the_congo
democratic_republic_of_timor-leste
democratic_socialist_republic_of_sri_lanka
department_of_mayotte
dominican_republic
falkland_islands
faroe_islands
federal_democratic_republic_of_ethiopia
federal_democratic_republic_of_nepal
federal_republic_of_germany
federal_republic_of_nigeria
federal_republic_of_somalia
federated_states_of_micronesia
federation_of_saint_christopher_and_nevisa
federative_republic_of_brazil
french_polynesia
french_republic
gabonese_republic
georgia
gibraltar
grand_duchy_of_luxembourg
greenland
grenada
guadeloupe
guam
guiana
hashemite_kingdom_of_jordan
heard_island_and_mcdonald_islands
hellenic_republic
hong_kong_special_administrative_region_of_the_peoples_republic_of_china
hungary
iceland
independent_and_sovereign_republic_of_kiribati
independent_state_of_papua_new_guinea
independent_state_of_samoa
islamic_republic_of_afghanistan
islamic_republic_of_iran
islamic_republic_of_mauritania
islamic_republic_of_pakistan
isle_of_man
italian_republic
jamaica
japan
kingdom_of_bahrain
kingdom_of_belgium
kingdom_of_bhutan
kingdom_of_cambodia
kingdom_of_denmark
kingdom_of_lesotho
kingdom_of_morocco
kingdom_of_norway
kingdom_of_saudi_arabia
kingdom_of_spain
kingdom_of_swaziland
kingdom_of_sweden
kingdom_of_thailand
kingdom_of_tonga
kyrgyz_republic
lao_peoples_democratic_republic
lebanese_republic
macao_special_administrative_region_of_the_peoples_republic_of_china
malaysia
martinique
mongolia
montenegro
montserrat
most_serene_republic_of_san_marino
nation_of_brunei,_abode_of_peace
netherlands
new_caledonia
new_zealand
niue
oriental_republic_of_uruguay
peoples_democratic_republic_of_algeria
peoples_republic_of_bangladesh
peoples_republic_of_china
pitcairn_group_of_islands
plurinational_state_of_bolivia
portuguese_republic
principality_of_andorra
principality_of_liechtenstein
principality_of_monaco
republic_of_albania
republic_of_angola
republic_of_armenia
republic_of_austria
republic_of_azerbaijan
republic_of_belarus
republic_of_benin
republic_of_botswana
republic_of_bulgaria
republic_of_burundi
republic_of_cabo_verde
republic_of_cameroon
republic_of_chad
republic_of_chile
republic_of_china_taiwan
republic_of_colombia
republic_of_costa_rica
republic_of_croatia
republic_of_cuba
republic_of_cyprus
republic_of_côte_divoire
republic_of_djibouti
republic_of_ecuador
republic_of_el_salvador
republic_of_equatorial_guinea
republic_of_estonia
republic_of_fiji
republic_of_finland
republic_of_ghana
republic_of_guatemala
republic_of_guinea
republic_of_guinea-bissau
republic_of_haiti
republic_of_honduras
republic_of_india
republic_of_indonesia
republic_of_iraq
republic_of_ireland
republic_of_kazakhstan
republic_of_kenya
republic_of_korea
republic_of_kosovo
republic_of_latvia
republic_of_liberia
republic_of_lithuania
republic_of_macedonia
republic_of_madagascar
republic_of_malawi
republic_of_mali
republic_of_malta
republic_of_mauritius
republic_of_moldova
republic_of_mozambique
republic_of_namibia
republic_of_nauru
republic_of_nicaragua
republic_of_niger
republic_of_palau
republic_of_panama
republic_of_paraguay
republic_of_peru
republic_of_poland
republic_of_rwanda
republic_of_senegal
republic_of_serbia
republic_of_seychelles
republic_of_sierra_leone
republic_of_singapore
republic_of_slovenia
republic_of_south_africa
republic_of_south_sudan
republic_of_suriname
republic_of_tajikistan
republic_of_the_congo
republic_of_the_gambia
republic_of_the_maldives
republic_of_the_marshall_islands
republic_of_the_philippines
republic_of_the_sudan
republic_of_the_union_of_myanmar
republic_of_trinidad_and_tobago
republic_of_turkey
republic_of_uganda
republic_of_uzbekistan
republic_of_vanuatu
republic_of_yemen
republic_of_zambia
republic_of_zimbabwe
romania
russian_federation
réunion_island
sahrawi_arab_democratic_republic
saint_lucia
saint_martin
saint_pierre_and_miquelon
saint_vincent_and_the_grenadines
sint_maarten
slovak_republic
socialist_republic_of_vietnam
solomon_islands
south_georgia_and_the_south_sandwich_islands
state_of_eritrea
state_of_israel
state_of_kuwait
state_of_libya
state_of_palestine
state_of_qatar
sultanate_of_oman
svalbard_og_jan_mayen
swiss_confederation
syrian_arab_republic
territory_of_christmas_island
territory_of_norfolk_island
territory_of_the_cocos_keeling_islands
territory_of_the_french_southern_and_antarctic_lands
territory_of_the_wallis_and_futuna_islands
togolese_republic
tokelau
tunisian_republic
turkmenistan
turks_and_caicos_islands
tuvalu
ukraine
union_of_the_comoros
united_arab_emirates
united_kingdom_of_great_britain_and_northern_ireland
united_mexican_states
united_republic_of_tanzania
united_states_minor_outlying_islands
united_states_of_america
vatican_city_state
virgin_islands
virgin_islands_of_the_united_states
åland_islands
