afghanistan
albania
algeria
american_samoa
andorra
angola
anguilla
antigua_and_barbuda
argentina
armenia
aruba
australia
austria
azerbaijan
bahamas
bahrain
bangladesh
barbados
belarus
belgium
belize
benin
bermuda
bhutan
bolivia
bosnia_and_herzegovina
botswana
brazil
british_indian_ocean_territory
british_virgin_islands
brunei
bulgaria
burkina_faso
burundi
cambodia
cameroon
canada
cape_verde
cayman_islands
central_african_republic
chad
chile
china
christmas_island
cocos_keeling_islands
colombia
comoros
cook_islands
costa_rica
croatia
cuba
curaçao
cyprus
czechia
denmark
djibouti
dominica
dominican_republic
dr_congo
ecuador
egypt
el_salvador
equatorial_guinea
eritrea
estonia
ethiopia
falkland_islands
faroe_islands
fiji
finland
france
french_guiana
french_polynesia
gabon
gambia
georgia
germany
ghana
gibraltar
greece
greenland
grenada
guadeloupe
guam
guatemala
guernsey
guinea
guinea-bissau
guyana
haiti
honduras
hong_kong
hungary
iceland
india
indonesia
iran
iraq
ireland
isle_of_man
israel
italy
ivory_coast
jamaica
japan
jersey
jordan
kazakhstan
kenya
kiribati
kosovo
kuwait
kyrgyzstan
laos
latvia
lebanon
lesotho
liberia
libya
liechtenstein
lithuania
luxembourg
macau
macedonia
madagascar
malawi
malaysia
maldives
mali
malta
marshall_islands
martinique
mauritania
mauritius
mayotte
mexico
micronesia
moldova
monaco
mongolia
montenegro
montserrat
morocco
mozambique
myanmar
namibia
nauru
nepal
netherlands
new_caledonia
new_zealand
nicaragua
niger
nigeria
niue
norfolk_island
north_korea
northern_mariana_islands
norway
oman
pakistan
palau
palestine
panama
papua_new_guinea
paraguay
peru
philippines
pitcairn_islands
poland
portugal
puerto_rico
qatar
republic_of_the_congo
romania
russia
rwanda
réunion
saint_barthélemy
saint_kitts_and_nevis
saint_lucia
saint_martin
saint_pierre_and_miquelon
saint_vincent_and_the_grenadines
samoa
san_marino
saudi_arabia
senegal
serbia
seychelles
sierra_leone
singapore
sint_maarten
slovakia
slovenia
solomon_islands
somalia
south_africa
south_georgia
south_korea
south_sudan
spain
sri_lanka
sudan
suriname
svalbard_and_jan_mayen
swaziland
sweden
switzerland
syria
são_tomé_and_príncipe
taiwan
tajikistan
tanzania
thailand
timor-leste
togo
tokelau
tonga
trinidad_and_tobago
tunisia
turkey
turkmenistan
turks_and_caicos_islands
tuvalu
uganda
ukraine
united_arab_emirates
united_kingdom
united_states
united_states_minor_outlying_islands
united_states_virgin_islands
uruguay
uzbekistan
vanuatu
vatican_city
venezuela
vietnam
wallis_and_futuna
western_sahara
yemen
zambia
zimbabwe
åland_islands
