south_korea
austria
south_georgia
madagascar
seychelles
romania
bosnia_and_herzegovina
ethiopia
philippines
kosovo
tokelau
paraguay
tunisia
guadeloupe
saint_barthélemy
faroe_islands
jamaica
eritrea
slovenia
france
macedonia
gibraltar
french_guiana
thailand
belarus
saint_martin
ivory_coast
guam
singapore
bulgaria
fiji
norway
brazil
mexico
egypt
saint_lucia
turkey
saudi_arabia
vatican_city
cocos_keeling_islands
palestine
china
cuba
italy
azerbaijan
hong_kong
liberia
macau
malta
russia
morocco
timor-leste
switzerland
belgium
turkmenistan
central_african_republic
micronesia
ghana
united_kingdom
nicaragua
norfolk_island
nauru
french_polynesia
togo
puerto_rico
gabon
zambia
germany
montenegro
sierra_leone
dominica
martinique
afghanistan
curaçao
ecuador
kazakhstan
gambia
estonia
greece
kuwait
saint_kitts_and_nevis
monaco
india
angola
tanzania
guyana
saint_pierre_and_miquelon
bahrain
libya
cameroon
marshall_islands
ireland
mali
falkland_islands
mayotte
somalia
burundi
bahamas
myanmar
mauritania
sudan
svalbard_and_jan_mayen
costa_rica
american_samoa
burkina_faso
turks_and_caicos_islands
algeria
antigua_and_barbuda
senegal
spain
uzbekistan
hungary
equatorial_guinea
poland
argentina
iran
north_korea
luxembourg
denmark
lebanon
belize
djibouti
syria
northern_mariana_islands
el_salvador
haiti
laos
serbia
yemen
niger
united_states_minor_outlying_islands
åland_islands
guinea
anguilla
australia
botswana
nepal
albania
brunei
japan
mauritius
latvia
cambodia
maldives
sweden
chile
honduras
iraq
montserrat
kenya
mozambique
venezuela
peru
wallis_and_futuna
réunion
comoros
benin
moldova
trinidad_and_tobago
malawi
kiribati
finland
canada
croatia
bolivia
pitcairn_islands
south_sudan
oman
dominican_republic
kyrgyzstan
samoa
guinea-bissau
israel
dr_congo
andorra
namibia
united_arab_emirates
guernsey
niue
iceland
jordan
new_zealand
pakistan
liechtenstein
greenland
united_states_virgin_islands
bhutan
georgia
jersey
tonga
swaziland
czechia
vietnam
san_marino
western_sahara
new_caledonia
indonesia
palau
colombia
barbados
papua_new_guinea
republic_of_the_congo
rwanda
british_virgin_islands
aruba
armenia
portugal
são_tomé_and_príncipe
nigeria
lesotho
tajikistan
saint_vincent_and_the_grenadines
uganda
bermuda
sri_lanka
sint_maarten
grenada
qatar
slovakia
netherlands
suriname
south_africa
united_states
taiwan
cayman_islands
british_indian_ocean_territory
chad
vanuatu
bangladesh
isle_of_man
malaysia
cape_verde
cyprus
cook_islands
solomon_islands
ukraine
zimbabwe
guatemala
panama
uruguay
lithuania
mongolia
tuvalu
christmas_island
